
R version 3.2.3 (2015-12-10) -- "Wooden Christmas-Tree"
Copyright (C) 2015 The R Foundation for Statistical Computing
Platform: i686-pc-linux-gnu (32-bit)

R is free software and comes with ABSOLUTELY NO WARRANTY.
You are welcome to redistribute it under certain conditions.
Type 'license()' or 'licence()' for distribution details.

  Natural language support but running in an English locale

R is a collaborative project with many contributors.
Type 'contributors()' for more information and
'citation()' on how to cite R or R packages in publications.

Type 'demo()' for some demos, 'help()' for on-line help, or
'help.start()' for an HTML browser interface to help.
Type 'q()' to quit R.

> options(STERM='iESS', str.dendrogram.last="'", editor='emacsclient', show.error.locations=TRUE)
> RVC <- RVineStructureSelect(X.cop)
Error: could not find function "RVineStructureSelect"
> cvm <- RVineStructureSelect(X.cop, type="CVine")
Error: could not find function "RVineStructureSelect"
> require(copula)
Loading required package: copula
> require(VineCopula)
Loading required package: VineCopula
> ## Read R, G, B data and corresponding x, y-positions
> X <- read.csv("../sample_data.csv", header = T)
> ## Rank data (i.e., convert to CDF)
> X.cop.df <- pobs(X, ties.method = 'random')
> ## Convert to a copuladata object  (as used by the Vine Copula package)
> X.cop <- as.copuladata(X.cop.df)
> pairs.copuladata(X.cop)
> pairs.copuladata(X.cop)
> RVC <- RVineStructureSelect(X.cop)
Error in BiCopPDF(data1, data2, i, optiout[[i]]$par[1], optiout[[i]]$par[2]) : 
  Please choose 'par2' of the Tawn copula in [0,1].
> cvm <- RVineStructureSelect(X.cop, type="CVine")
> RVineTreePlot(data=NULL, RVM=RVC, tree=2,
+               edge.labels=c("family","theotau"))
Error in is(RVM) : object 'RVC' not found
> RVC <- RVineStructureSelect(X.cop)
Error in BiCopPDF(data1, data2, i, optiout[[i]]$par[1], optiout[[i]]$par[2]) : 
  Please choose 'par2' of the Tawn copula in [0,1].
> cvm <- RVineStructureSelect(X.cop, type="CVine")
> RVineTreePlot(data=NULL, RVM=RVC, tree=2,
+               edge.labels=c("family","theotau"))
Error in is(RVM) : object 'RVC' not found
> RVineTreePlot(data=NULL, RVM=RVC, tree=2,
+               edge.labels=c("family","theotau"))
Error in is(RVM) : object 'RVC' not found
> RVC
Error: object 'RVC' not found
> X.cop
              R           G           B           x           y
1   0.737541528 0.740863787 0.691029900 0.850498339 0.734219269
2   0.920265781 0.933554817 0.940199336 0.990033223 0.890365449
3   0.800664452 0.382059801 0.262458472 0.518272425 0.305647841
4   0.571428571 0.760797342 0.066445183 0.877076412 0.076411960
5   0.644518272 0.754152824 0.651162791 0.867109635 0.700996678
6   0.780730897 0.415282392 0.491694352 0.544850498 0.548172757
7   0.940199336 0.365448505 0.418604651 0.498338870 0.468438538
8   0.754152824 0.880398671 0.890365449 0.641196013 0.910299003
9   0.069767442 0.607973422 0.465116279 0.727574751 0.518272425
10  0.840531561 0.332225914 0.541528239 0.468438538 0.611295681
11  0.279069767 0.820598007 0.388704319 0.930232558 0.308970100
12  0.777408638 0.887043189 0.687707641 0.966777409 0.215946844
13  0.794019934 0.205980066 0.365448505 0.318936877 0.425249169
14  0.428571429 0.428571429 0.594684385 0.043189369 0.372093023
15  0.654485050 0.222591362 0.558139535 0.335548173 0.621262458
16  0.325581395 0.511627907 0.591362126 0.634551495 0.654485050
17  0.956810631 0.973421927 0.976744186 0.162790698 0.973421927
18  0.196013289 0.757475083 0.348837209 0.873754153 0.408637874
19  0.063122924 0.046511628 0.242524917 0.139534884 0.275747508
20  0.215946844 0.079734219 0.574750831 0.179401993 0.641196013
21  0.262458472 0.106312292 0.564784053 0.205980066 0.627906977
22  0.807308970 0.578073090 0.843853821 0.033222591 0.787375415
23  0.033222591 0.491694352 0.049833887 0.614617940 0.059800664
24  0.498338870 0.385382060 0.162790698 0.521594684 0.179401993
25  0.192691030 0.169435216 0.661129568 0.292358804 0.707641196
26  0.468438538 0.734219269 0.820598007 0.571428571 0.860465116
27  0.205980066 0.564784053 0.644518272 0.691029900 0.694352159
28  0.943521595 0.956810631 0.956810631 0.265780731 0.943521595
29  0.508305648 0.245847176 0.046511628 0.358803987 0.053156146
30  0.013289037 0.039867110 0.445182724 0.132890365 0.501661130
31  0.179401993 0.448504983 0.784053156 0.408637874 0.830564784
32  0.558139535 0.707641196 0.737541528 0.013289037 0.332225914
33  0.415282392 0.471760797 0.813953488 0.269102990 0.853820598
34  0.229235880 0.534883721 0.352159468 0.661129568 0.411960133
35  0.302325581 0.166112957 0.152823920 0.289036545 0.169435216
36  0.760797342 0.312292359 0.634551495 0.448504983 0.684385382
37  0.126245847 0.714285714 0.328903654 0.830564784 0.388704319
38  0.986710963 0.986710963 0.966777409 0.199335548 0.963455150
39  0.009966777 0.637873754 0.398671096 0.757475083 0.451827243
40  0.408637874 0.571428571 0.744186047 0.667774086 0.800664452
41  0.285714286 0.594684385 0.694352159 0.714285714 0.737541528
42  0.551495017 0.691029900 0.760797342 0.754152824 0.817275748
43  0.305647841 0.521594684 0.182724252 0.647840532 0.199335548
44  0.627906977 0.807308970 0.853820598 0.631229236 0.880398671
45  0.202657807 0.016611296 0.093023256 0.102990033 0.109634551
46  0.312292359 0.269102990 0.392026578 0.066445183 0.239202658
47  0.398671096 0.654485050 0.006644518 0.770764120 0.009966777
48  0.056478405 0.485049834 0.073089701 0.604651163 0.083056478
49  0.704318937 0.265780731 0.797342193 0.093023256 0.840531561
50  0.159468439 0.568106312 0.588039867 0.694352159 0.651162791
51  0.568106312 0.524916944 0.830564784 0.239202658 0.867109635
52  0.242524917 0.172757475 0.069767442 0.295681063 0.079734219
53  0.960132890 0.289036545 0.372093023 0.418604651 0.435215947
54  0.019933555 0.036544850 0.425249169 0.129568106 0.475083056
55  0.458471761 0.455149502 0.764119601 0.501661130 0.820598007
56  0.528239203 0.750830565 0.212624585 0.863787375 0.235880399
57  0.923588040 0.946843854 0.946843854 0.870431894 0.990033223
58  0.395348837 0.119601329 0.720930233 0.222591362 0.767441860
59  0.401993355 0.584717608 0.169435216 0.704318937 0.186046512
60  0.601328904 0.249169435 0.016611296 0.362126246 0.016611296
61  0.259136213 0.009966777 0.159468439 0.096345515 0.176079734
62  0.003322259 0.235880399 0.734219269 0.352159468 0.780730897
63  0.607973422 0.219269103 0.245847176 0.332225914 0.279069767
64  0.471760797 0.833887043 0.827242525 0.860465116 0.863787375
65  0.860465116 0.392026578 0.485049834 0.524916944 0.541528239
66  0.219269103 0.601328904 0.817275748 0.385382060 0.857142857
67  0.767441860 0.342192691 0.232558140 0.478405316 0.259136213
68  0.222591362 0.475083056 0.657807309 0.594684385 0.704318937
69  0.392026578 0.508305648 0.617940199 0.039867110 0.285714286
70  0.093023256 0.641196013 0.312292359 0.760797342 0.365448505
71  0.514950166 0.558139535 0.554817276 0.036544850 0.096345515
72  0.023255814 0.591362126 0.401993355 0.710963455 0.455149502
73  0.877076412 0.813953488 0.893687708 0.069767442 0.903654485
74  0.617940199 0.295681063 0.146179402 0.428571429 0.162790698
75  0.787375415 0.401993355 0.501661130 0.534883721 0.561461794
76  0.385382060 0.501661130 0.308970100 0.624584718 0.362126246
77  0.292358804 0.797342193 0.607973422 0.913621262 0.631229236
78  0.594684385 0.252491694 0.023255814 0.365448505 0.029900332
79  0.524916944 0.149501661 0.448504983 0.272425249 0.504983389
80  0.368770764 0.710963455 0.750830565 0.810631229 0.807308970
81  0.136212625 0.704318937 0.302325581 0.820598007 0.352159468
82  0.624584718 0.202657807 0.621262458 0.315614618 0.674418605
83  0.893687708 0.943521595 0.930232558 0.996677741 0.262458472
84  0.006644518 0.611295681 0.385382060 0.730897010 0.448504983
85  0.694352159 0.458471761 0.524916944 0.578073090 0.594684385
86  0.066445183 0.614617940 0.322259136 0.734219269 0.378737542
87  0.511627907 0.232558140 0.637873754 0.348837209 0.687707641
88  0.581395349 0.478405316 0.511627907 0.598006645 0.574750831
89  0.411960133 0.870431894 0.664451827 0.953488372 0.421926910
90  0.335548173 0.531561462 0.186046512 0.657807309 0.202657807
91  0.132890365 0.099667774 0.122923588 0.196013289 0.142857143
92  0.631229236 0.737541528 0.847176080 0.481727575 0.873754153
93  0.810631229 0.398671096 0.305647841 0.531561462 0.358803987
94  0.475083056 0.617940199 0.780730897 0.023255814 0.591362126
95  0.342192691 0.528239203 0.192691030 0.651162791 0.209302326
96  0.495016611 0.146179402 0.578073090 0.262458472 0.644518272
97  0.156146179 0.561461794 0.415282392 0.684385382 0.465116279
98  0.867109635 0.926910299 0.916943522 0.435215947 0.996677741
99  0.578073090 0.182724252 0.269102990 0.302325581 0.315614618
100 0.784053156 0.421926910 0.471760797 0.548172757 0.524916944
101 0.209302326 0.720930233 0.544850498 0.837209302 0.614617940
102 0.049833887 0.029900332 0.282392027 0.122923588 0.325581395
103 0.634551495 0.192691030 0.611295681 0.312292359 0.667774086
104 0.186046512 0.019933555 0.561461794 0.106312292 0.624584718
105 0.345514950 0.604651163 0.089700997 0.720930233 0.106312292
106 0.897009967 0.275747508 0.289036545 0.395348837 0.338870432
107 0.083056478 0.176079734 0.700996678 0.299003322 0.747508306
108 0.029900332 0.056478405 0.441860465 0.149501661 0.498338870
109 0.106312292 0.348837209 0.754152824 0.401993355 0.810631229
110 0.162790698 0.551495017 0.810631229 0.375415282 0.850498339
111 0.750830565 0.727574751 0.870431894 0.166112957 0.887043189
112 0.823920266 0.867109635 0.910299003 0.242524917 0.923588040
113 0.847176080 0.299003322 0.531561462 0.431893688 0.601328904
114 0.820598007 0.910299003 0.936877076 0.345514950 0.933554817
115 0.212624585 0.687707641 0.488372093 0.803986711 0.544850498
116 0.199335548 0.109634551 0.455149502 0.212624585 0.511627907
117 0.282392027 0.136212625 0.279069767 0.245847176 0.322259136
118 0.073089701 0.538205980 0.079734219 0.664451827 0.089700997
119 0.883720930 0.292358804 0.478405316 0.425249169 0.531561462
120 0.501661130 0.850498339 0.604651163 0.943521595 0.398671096
121 0.933554817 0.953488372 0.953488372 0.893687708 0.940199336
122 0.637873754 0.179401993 0.774086379 0.119601329 0.827242525
123 0.744186047 0.425249169 0.295681063 0.551495017 0.345514950
124 0.322259136 0.142857143 0.239202658 0.255813953 0.272425249
125 0.255813953 0.073089701 0.053156146 0.172757475 0.063122924
126 0.053156146 0.076411960 0.438538206 0.176079734 0.488372093
127 0.720930233 0.774086379 0.102990033 0.890365449 0.122923588
128 0.598006645 0.285714286 0.196013289 0.411960133 0.212624585
129 0.043189369 0.189368771 0.707641196 0.308970100 0.754152824
130 0.747508306 0.345514950 0.803986711 0.059800664 0.777408638
131 0.149501661 0.544850498 0.378737542 0.674418605 0.441860465
132 0.249169435 0.033222591 0.056478405 0.126245847 0.066445183
133 0.724252492 0.890365449 0.880398671 0.897009967 0.897009967
134 0.295681063 0.053156146 0.039867110 0.146179402 0.046511628
135 0.362126246 0.770764120 0.641196013 0.883720930 0.691029900
136 0.059800664 0.677740864 0.338870432 0.794019934 0.395348837
137 0.983388704 0.980066445 0.983388704 0.209302326 0.970099668
138 0.352159468 0.790697674 0.355481728 0.910299003 0.382059801
139 0.976744186 0.983388704 0.993355482 0.029900332 0.983388704
140 0.611295681 0.800664452 0.139534884 0.916943522 0.023255814
141 0.980066445 0.966777409 0.980066445 0.415282392 0.980066445
142 0.026578073 0.661129568 0.405315615 0.777408638 0.458471761
143 0.445182724 0.209302326 0.019933555 0.322259136 0.026578073
144 0.857142857 0.378737542 0.265780731 0.514950166 0.312292359
145 0.863787375 0.624584718 0.857142857 0.056478405 0.843853821
146 0.189368771 0.674418605 0.508305648 0.790697674 0.571428571
147 0.485049834 0.375415282 0.156146179 0.511627907 0.172757475
148 0.561461794 0.152823920 0.345514950 0.275747508 0.405315615
149 0.176079734 0.431893688 0.714285714 0.554817276 0.760797342
150 0.900332226 0.840531561 0.897009967 0.019933555 0.877076412
151 0.916943522 0.897009967 0.867109635 0.970099668 0.740863787
152 0.953488372 0.318936877 0.318936877 0.455149502 0.375415282
153 0.252491694 0.126245847 0.431893688 0.229235880 0.481727575
154 0.554817276 0.780730897 0.823920266 0.006644518 0.564784053
155 0.973421927 0.322259136 0.358803987 0.458471761 0.415282392
156 0.837209302 0.893687708 0.900332226 0.717607973 0.916943522
157 0.548172757 0.857142857 0.770764120 0.946843854 0.697674419
158 0.710963455 0.259136213 0.551495017 0.372093023 0.617940199
159 0.096345515 0.621262458 0.538205980 0.737541528 0.607973422
160 0.275747508 0.405315615 0.036544850 0.538205980 0.043189369
161 0.166112957 0.093023256 0.099667774 0.189368771 0.119601329
162 0.757475083 0.916943522 0.837209302 0.980066445 0.302325581
163 0.016611296 0.043189369 0.435215947 0.136212625 0.485049834
164 0.910299003 0.900332226 0.933554817 0.016611296 0.913621262
165 0.993355482 0.976744186 0.996677741 0.654485050 0.966777409
166 0.119601329 0.122923588 0.112956811 0.225913621 0.132890365
167 0.674418605 0.843853821 0.877076412 0.607973422 0.893687708
168 0.465116279 0.651162791 0.767441860 0.687707641 0.823920266
169 0.425249169 0.498338870 0.292358804 0.621262458 0.342192691
170 0.538205980 0.411960133 0.790697674 0.049833887 0.727574751
171 0.873754153 0.352159468 0.495016611 0.485049834 0.554817276
172 0.089700997 0.089700997 0.259136213 0.186046512 0.299003322
173 0.687707641 0.358803987 0.215946844 0.491694352 0.242524917
174 0.418604651 0.013289037 0.674418605 0.099667774 0.720930233
175 0.112956811 0.461794020 0.076411960 0.581395349 0.086378738
176 0.833887043 0.215946844 0.375415282 0.328903654 0.438538206
177 0.657807309 0.305647841 0.109634551 0.441860465 0.129568106
178 0.913621262 0.335548173 0.285714286 0.471760797 0.328903654
179 0.421926910 0.468438538 0.631229236 0.588039867 0.681063123
180 0.671096346 0.810631229 0.627906977 0.923588040 0.578073090
181 0.667774086 0.777408638 0.807308970 0.724252492 0.847176080
182 0.880398671 0.940199336 0.920265781 0.993355482 0.255813953
183 0.926910299 0.923588040 0.906976744 0.986710963 0.794019934
184 0.817275748 0.225913621 0.342192691 0.338870432 0.401993355
185 0.172757475 0.554817276 0.116279070 0.681063123 0.136212625
186 0.803986711 0.903654485 0.903654485 0.827242525 0.920265781
187 0.790697674 0.913621262 0.833887043 0.976744186 0.335548173
188 0.946843854 0.960132890 0.960132890 0.259136213 0.950166113
189 0.647840532 0.408637874 0.225913621 0.541528239 0.249169435
190 0.574750831 0.212624585 0.235880399 0.325581395 0.265780731
191 0.850498339 0.883720930 0.926910299 0.252491694 0.930232558
192 0.588039867 0.873754153 0.730897010 0.956810631 0.491694352
193 0.604651163 0.730897010 0.059800664 0.847176080 0.069767442
194 0.378737542 0.574750831 0.172757475 0.697674419 0.189368771
195 0.225913621 0.495016611 0.677740864 0.617940199 0.724252492
196 0.830564784 0.767441860 0.697674419 0.880398671 0.744186047
197 0.717607973 0.229235880 0.468438538 0.342192691 0.521594684
198 0.431893688 0.196013289 0.219269103 0.076411960 0.006644518
199 0.139534884 0.671096346 0.534883721 0.787375415 0.604651163
200 0.272425249 0.006644518 0.043189369 0.089700997 0.049833887
201 0.521594684 0.049833887 0.704318937 0.142857143 0.750830565
202 0.681063123 0.308970100 0.096345515 0.445182724 0.112956811
203 0.890365449 0.936877076 0.943521595 0.857142857 0.936877076
204 0.036544850 0.438538206 0.003322259 0.561461794 0.003322259
205 0.843853821 0.906976744 0.913621262 0.823920266 0.926910299
206 0.299003322 0.199335548 0.272425249 0.073089701 0.102990033
207 0.435215947 0.667774086 0.740863787 0.784053156 0.797342193
208 0.584717608 0.863787375 0.571428571 0.950166113 0.229235880
209 0.614617940 0.700996678 0.202657807 0.817275748 0.222591362
210 0.853820598 0.368770764 0.528239203 0.504983389 0.598006645
211 0.541528239 0.647840532 0.129568106 0.767441860 0.149501661
212 0.677740864 0.239202658 0.518272425 0.355481728 0.584717608
213 0.086378738 0.086378738 0.458471761 0.182724252 0.514950166
214 0.245847176 0.634551495 0.614617940 0.750830565 0.671096346
215 0.079734219 0.083056478 0.548172757 0.079734219 0.534883721
216 0.930232558 0.950166113 0.950166113 0.083056478 0.986710963
217 0.740863787 0.794019934 0.850498339 0.003322259 0.634551495
218 0.504983389 0.823920266 0.883720930 0.378737542 0.900332226
219 0.182724252 0.541528239 0.332225914 0.671096346 0.392026578
220 0.232558140 0.481727575 0.717607973 0.601328904 0.764119601
221 0.109634551 0.069767442 0.504983389 0.169435216 0.568106312
222 0.265780731 0.159468439 0.026578073 0.282392027 0.033222591
223 0.448504983 0.627906977 0.083056478 0.740863787 0.093023256
224 0.966777409 0.970099668 0.973421927 0.744186047 0.953488372
225 0.328903654 0.694352159 0.727574751 0.807308970 0.774086379
226 0.707641196 0.598006645 0.800664452 0.026578073 0.657807309
227 0.478405316 0.504983389 0.222591362 0.627906977 0.245847176
228 0.441860465 0.139534884 0.382059801 0.249169435 0.445182724
229 0.714285714 0.853820598 0.887043189 0.591362126 0.906976744
230 0.996677741 0.325581395 0.411960133 0.461794020 0.461794020
231 0.129568106 0.063122924 0.176079734 0.156146179 0.192691030
232 0.661129568 0.242524917 0.787375415 0.116279070 0.833887043
233 0.142857143 0.803986711 0.461794020 0.920265781 0.428571429
234 0.651162791 0.162790698 0.325581395 0.285714286 0.385382060
235 0.388704319 0.302325581 0.681063123 0.438538206 0.730897010
236 0.827242525 0.724252492 0.863787375 0.009966777 0.784053156
237 0.455149502 0.488372093 0.275747508 0.611295681 0.318936877
238 0.481727575 0.764119601 0.860465116 0.421926910 0.883720930
239 0.099667774 0.581395349 0.451827243 0.700996678 0.508305648
240 0.451827243 0.388704319 0.395348837 0.053156146 0.116279070
241 0.970099668 0.993355482 0.990033223 0.840531561 0.956810631
242 0.903654485 0.279069767 0.299003322 0.398671096 0.348837209
243 0.664451827 0.255813953 0.624584718 0.368770764 0.677740864
244 0.355481728 0.518272425 0.368770764 0.644518272 0.431893688
245 0.102990033 0.096345515 0.421926910 0.192691030 0.471760797
246 0.534883721 0.657807309 0.033222591 0.774086379 0.039867110
247 0.727574751 0.315614618 0.063122924 0.451827243 0.073089701
248 0.239202658 0.548172757 0.521594684 0.677740864 0.588039867
249 0.348837209 0.747508306 0.747508306 0.843853821 0.803986711
250 0.235880399 0.003322259 0.106312292 0.086378738 0.126245847
251 0.152823920 0.644518272 0.568106312 0.764119601 0.637873754
252 0.734219269 0.837209302 0.654485050 0.936877076 0.551495017
253 0.116279070 0.112956811 0.205980066 0.215946844 0.225913621
254 0.684385382 0.355481728 0.009966777 0.488372093 0.013289037
255 0.461794020 0.877076412 0.647840532 0.960132890 0.269102990
256 0.358803987 0.681063123 0.255813953 0.797342193 0.292358804
257 0.591362126 0.697674419 0.166112957 0.813953488 0.182724252
258 0.046511628 0.445182724 0.029900332 0.568106312 0.036544850
259 0.691029900 0.827242525 0.794019934 0.900332226 0.837209302
260 0.544850498 0.156146179 0.498338870 0.279069767 0.558139535
261 0.813953488 0.920265781 0.873754153 0.983388704 0.495016611
262 0.950166113 0.963455150 0.963455150 0.063122924 0.946843854
263 0.963455150 0.996677741 0.970099668 0.963455150 0.976744186
264 0.338870432 0.132890365 0.514950166 0.235880399 0.581395349
265 0.797342193 0.817275748 0.777408638 0.926910299 0.790697674
266 0.375415282 0.129568106 0.671096346 0.232558140 0.714285714
267 0.365448505 0.451827243 0.142857143 0.574750831 0.159468439
268 0.315614618 0.465116279 0.136212625 0.584717608 0.156146179
269 0.146179402 0.717607973 0.315614618 0.833887043 0.368770764
270 0.488372093 0.435215947 0.199335548 0.558139535 0.219269103
271 0.382059801 0.418604651 0.584717608 0.046511628 0.355481728
272 0.936877076 0.362126246 0.362126246 0.495016611 0.418604651
273 0.700996678 0.282392027 0.601328904 0.405315615 0.664451827
274 0.774086379 0.395348837 0.252491694 0.528239203 0.289036545
275 0.764119601 0.787375415 0.684385382 0.906976744 0.710963455
276 0.169435216 0.059800664 0.119601329 0.152823920 0.139534884
277 0.518272425 0.338870432 0.179401993 0.475083056 0.196013289
278 0.372093023 0.023255814 0.013289037 0.109634551 0.019933555
279 0.491694352 0.631229236 0.086378738 0.747508306 0.099667774
280 0.332225914 0.116279070 0.581395349 0.219269103 0.647840532
281 0.122923588 0.066445183 0.209302326 0.159468439 0.232558140
282 0.308970100 0.664451827 0.724252492 0.780730897 0.770764120
283 0.564784053 0.684385382 0.189368771 0.800664452 0.205980066
284 0.405315615 0.588039867 0.149501661 0.707641196 0.166112957
285 0.076411960 0.272425249 0.710963455 0.392026578 0.757475083
286 0.887043189 0.372093023 0.475083056 0.508305648 0.528239203
287 0.621262458 0.441860465 0.249169435 0.564784053 0.282392027
288 0.770764120 0.328903654 0.229235880 0.465116279 0.252491694
289 0.870431894 0.930232558 0.923588040 0.388704319 0.993355482
290 0.438538206 0.102990033 0.667774086 0.202657807 0.717607973
291 0.730897010 0.860465116 0.840531561 0.903654485 0.870431894
292 0.039867110 0.026578073 0.481727575 0.112956811 0.538205980
293 0.906976744 0.262458472 0.428571429 0.382059801 0.478405316
294 0.697674419 0.847176080 0.335548173 0.940199336 0.056478405
295 0.531561462 0.784053156 0.757475083 0.887043189 0.813953488
296 0.641196013 0.744186047 0.126245847 0.853820598 0.146179402
297 0.318936877 0.514950166 0.598006645 0.637873754 0.661129568
298 0.269102990 0.830564784 0.408637874 0.933554817 0.295681063
299 0.990033223 0.990033223 0.986710963 0.973421927 0.960132890
300 0.289036545 0.186046512 0.132890365 0.305647841 0.152823920
> cvm <- RVineStructureSelect(X.cop, type="CVine")
> RVineTreePlot(data=NULL, RVM=cvm, tree=2,
+               edge.labels=c("family","theotau"))
[[1]]
[1] 0

[[2]]
           [,1]          [,2]
[1,]   7.082329 -3.566129e-14
[2,]   7.863167  2.966424e+01
[3,] -22.627411  1.197276e-13
[4,]   7.863167 -2.966424e+01

[[3]]
[1] 0

[[4]]
[1] 0

> RVineTreePlot(data=NULL, RVM=cvm, tree=1,
+               edge.labels=c("family","theotau"))
[[1]]
           [,1]          [,2]
[1,]   4.076598  1.237663e-13
[2,]  20.727234  2.808472e+01
[3,] -20.265533  2.012298e+01
[4,] -20.265533 -2.012298e+01
[5,]  20.727234 -2.808472e+01

[[2]]
[1] 0

[[3]]
[1] 0

[[4]]
[1] 0

> rvm <- RVineStructureSelect(X.cop, progress=T)
Error in BiCopPDF(data1, data2, i, optiout[[i]]$par[1], optiout[[i]]$par[2]) : 
  Please choose 'par2' of the Tawn copula in [0,1].
> max(X.cop)
[1] 0.9966777
> min(X.cop)
[1] 0.003322259
> 
